---
source: src/treesitter/custom.rs
description: "crs.execute(f\"SELECT 1 FROM {bar}\")"
expression: snippet
---
SELECT 1 FROM {bar}
