---
source: src/treesitter/custom.rs
description: "'SELECT'"
expression: snippet
---
SELECT
