---
source: src/treesitter/custom.rs
description: "\n    crs.execute(f\"\"\"\n    SELECT 6 FROM foo where x = {x} AND y = {y}\n    \"\"\")"
expression: snippet
---

    SELECT 6 FROM foo where x = {x} AND y = {y}
    
